[run_barrier] MAX_GEN overridden to 100
[run_barrier] SEED overridden to 0
[run_barrier] variant=B16  archive=ht_rate  out=.lab/workspace/B16
  gen   0/100  archive= 3/12  best=0.628  3s  ETA=0.0m
  gen  10/100  archive= 6/12  best=0.915  34s  ETA=4.6m
  gen  20/100  archive= 6/12  best=0.613  65s  ETA=4.1m
  gen  30/100  archive= 8/12  best=0.609  96s  ETA=3.6m
  gen  40/100  archive= 8/12  best=0.928  129s  ETA=3.1m
  gen  50/100  archive= 8/12  best=0.612  160s  ETA=2.6m
  gen  60/100  archive= 8/12  best=0.814  193s  ETA=2.1m
  gen  70/100  archive=10/12  best=0.616  226s  ETA=1.5m
  gen  80/100  archive=10/12  best=0.928  259s  ETA=1.0m
  gen  90/100  archive=10/12  best=0.616  292s  ETA=0.5m

============================================================
[B16]  archive=ht_rate  320s  cells=10/12
  compound_v3        : 0.1217  (PRIMARY: solv x high_tort x dir_bal)
  compound_v2        : 0.4868  (old: solv x non_l x dir_bal)
  solvability        : 78.0%
  high_tort_rate     : 18.0%  (tortuosity>1.5)
  mean_tortuosity    : 1.225  (L-path=1.0)
  mean_barrier_rows  : 1.3  (rows with ≥65% wall)
  non_l_rate         : 72.0%
  dir_balance        : 0.8669
  stripe_rate        : 0.2443
  mean_turns         : 6.4

