[run_barrier] MAX_GEN overridden to 100
[run_barrier] SEED overridden to 0
[run_barrier] variant=B17  archive=ht_rate  out=.lab/workspace/B17
  gen   0/100  archive= 3/12  best=0.829  3s  ETA=0.0m
  gen  10/100  archive= 3/12  best=0.578  35s  ETA=4.7m
  gen  20/100  archive= 5/12  best=0.615  69s  ETA=4.3m
  gen  30/100  archive= 6/12  best=0.892  103s  ETA=3.8m
  gen  40/100  archive= 6/12  best=0.615  137s  ETA=3.3m
  gen  50/100  archive= 6/12  best=0.616  171s  ETA=2.7m
  gen  60/100  archive= 6/12  best=0.776  207s  ETA=2.2m
  gen  70/100  archive= 6/12  best=0.615  241s  ETA=1.6m
  gen  80/100  archive= 6/12  best=0.616  276s  ETA=1.1m
  gen  90/100  archive= 7/12  best=0.616  311s  ETA=0.5m

============================================================
[B17]  archive=ht_rate  343s  cells=7/12
  compound_v3        : 0.1642  (PRIMARY: solv x high_tort x dir_bal)
  compound_v2        : 0.5373  (old: solv x non_l x dir_bal)
  solvability        : 92.0%
  high_tort_rate     : 22.0%  (tortuosity>1.5)
  mean_tortuosity    : 1.174  (L-path=1.0)
  mean_barrier_rows  : 2.4  (rows with ≥65% wall)
  non_l_rate         : 72.0%
  dir_balance        : 0.8111
  stripe_rate        : 0.2629
  mean_turns         : 4.7

