[run_barrier] MAX_GEN overridden to 100
[run_barrier] SEED overridden to 0
[run_barrier] variant=B18  archive=ht_rate  out=.lab/workspace/B18
  gen   0/100  archive= 3/12  best=1.037  3s  ETA=0.0m
  gen  10/100  archive= 4/12  best=0.887  37s  ETA=5.0m
  gen  20/100  archive= 5/12  best=0.920  73s  ETA=4.6m
  gen  30/100  archive= 7/12  best=0.906  108s  ETA=4.0m
  gen  40/100  archive= 8/12  best=0.935  145s  ETA=3.5m
  gen  50/100  archive= 8/12  best=0.614  181s  ETA=2.9m
  gen  60/100  archive= 8/12  best=0.899  219s  ETA=2.3m
  gen  70/100  archive= 8/12  best=0.871  255s  ETA=1.7m
  gen  80/100  archive= 8/12  best=0.617  292s  ETA=1.1m
  gen  90/100  archive= 8/12  best=0.615  328s  ETA=0.5m

============================================================
[B18]  archive=ht_rate  360s  cells=9/12
  compound_v3        : 0.1230  (PRIMARY: solv x high_tort x dir_bal)
  compound_v2        : 0.3935  (old: solv x non_l x dir_bal)
  solvability        : 74.0%
  high_tort_rate     : 20.0%  (tortuosity>1.5)
  mean_tortuosity    : 1.222  (L-path=1.0)
  mean_barrier_rows  : 2.1  (rows with ≥65% wall)
  non_l_rate         : 64.0%
  dir_balance        : 0.8309
  stripe_rate        : 0.2657
  mean_turns         : 5.9

