[run_barrier] MAX_GEN overridden to 100
[run_barrier] SEED overridden to 0
[run_barrier] variant=B15  archive=ht_rate  out=.lab/workspace/B15
  gen   0/100  archive= 3/12  best=0.655  3s  ETA=0.0m
  gen  10/100  archive= 3/12  best=0.920  35s  ETA=4.7m
  gen  20/100  archive= 6/12  best=0.632  68s  ETA=4.3m
  gen  30/100  archive= 8/12  best=0.629  105s  ETA=3.9m
  gen  40/100  archive= 8/12  best=0.630  141s  ETA=3.4m
  gen  50/100  archive= 8/12  best=0.631  177s  ETA=2.8m
  gen  60/100  archive= 8/12  best=0.632  215s  ETA=2.3m
  gen  70/100  archive= 9/12  best=0.633  251s  ETA=1.7m
  gen  80/100  archive= 9/12  best=0.633  288s  ETA=1.1m
  gen  90/100  archive= 9/12  best=0.632  324s  ETA=0.5m

============================================================
[B15]  archive=ht_rate  356s  cells=9/12
  compound_v3        : 0.1388  (PRIMARY: solv x high_tort x dir_bal)
  compound_v2        : 0.5135  (old: solv x non_l x dir_bal)
  solvability        : 90.0%
  high_tort_rate     : 20.0%  (tortuosity>1.5)
  mean_tortuosity    : 1.190  (L-path=1.0)
  mean_barrier_rows  : 2.5  (rows with ≥65% wall)
  non_l_rate         : 74.0%
  dir_balance        : 0.7711
  stripe_rate        : 0.3786
  mean_turns         : 5.2

