[run_barrier] MAX_GEN overridden to 100
[run_barrier] SEED overridden to 3
[run_barrier] variant=B13  archive=ht_rate  out=.lab/workspace/B13-s3
  gen   0/100  archive= 3/12  best=0.350  3s  ETA=0.0m
  gen  10/100  archive= 4/12  best=0.600  35s  ETA=4.7m
  gen  20/100  archive= 7/12  best=0.674  69s  ETA=4.3m
  gen  30/100  archive= 8/12  best=0.616  104s  ETA=3.8m
  gen  40/100  archive= 8/12  best=0.617  138s  ETA=3.3m
  gen  50/100  archive= 8/12  best=0.919  172s  ETA=2.8m
  gen  60/100  archive= 8/12  best=0.617  208s  ETA=2.2m
  gen  70/100  archive= 8/12  best=0.614  243s  ETA=1.7m
  gen  80/100  archive= 8/12  best=0.720  278s  ETA=1.1m
  gen  90/100  archive= 8/12  best=0.614  313s  ETA=0.5m

============================================================
[B13]  archive=ht_rate  345s  cells=8/12
  compound_v3        : 0.0990  (PRIMARY: solv x high_tort x dir_bal)
  compound_v2        : 0.4578  (old: solv x non_l x dir_bal)
  solvability        : 78.0%
  high_tort_rate     : 16.0%  (tortuosity>1.5)
  mean_tortuosity    : 1.174  (L-path=1.0)
  mean_barrier_rows  : 2.1  (rows with ≥65% wall)
  non_l_rate         : 74.0%
  dir_balance        : 0.7932
  stripe_rate        : 0.2429
  mean_turns         : 5.7

