[run_barrier] MAX_GEN overridden to 100
[run_barrier] SEED overridden to 1
[run_barrier] variant=B17  archive=ht_rate  out=.lab/workspace/B17-s1
  gen   0/100  archive= 3/12  best=0.712  3s  ETA=0.0m
  gen  10/100  archive= 5/12  best=1.096  35s  ETA=4.7m
  gen  20/100  archive= 6/12  best=0.613  68s  ETA=4.3m
  gen  30/100  archive= 7/12  best=0.614  102s  ETA=3.8m
  gen  40/100  archive= 7/12  best=0.616  135s  ETA=3.2m
  gen  50/100  archive= 7/12  best=0.615  169s  ETA=2.7m
  gen  60/100  archive= 9/12  best=0.617  205s  ETA=2.2m
  gen  70/100  archive= 9/12  best=0.617  240s  ETA=1.6m
  gen  80/100  archive= 9/12  best=0.615  276s  ETA=1.1m
  gen  90/100  archive= 9/12  best=0.616  311s  ETA=0.5m

============================================================
[B17]  archive=ht_rate  341s  cells=9/12
  compound_v3        : 0.1131  (PRIMARY: solv x high_tort x dir_bal)
  compound_v2        : 0.4525  (old: solv x non_l x dir_bal)
  solvability        : 86.0%
  high_tort_rate     : 16.0%  (tortuosity>1.5)
  mean_tortuosity    : 1.163  (L-path=1.0)
  mean_barrier_rows  : 2.0  (rows with ≥65% wall)
  non_l_rate         : 64.0%
  dir_balance        : 0.8220
  stripe_rate        : 0.3457
  mean_turns         : 4.8

